2026-09-20 18:24:57,306 - INFO - detected formats: [<InputFormat.PDF: 'pdf'>]
2026-09-20 18:24:57,306 - INFO - detected formats: [<InputFormat.PDF: 'pdf'>]
2026-09-20 18:25:07,070 - INFO - Going to convert document batch...
2026-09-20 18:25:07,074 - INFO - Initializing pipeline for StandardPdfPipeline with options hash e1efaab647f0694a7fd1c6d5d6812e54
2026-09-20 18:25:07,075 - INFO - Going to convert document batch...
2026-09-20 18:25:07,075 - INFO - Initializing pipeline for StandardPdfPipeline with options hash e1efaab647f0694a7fd1c6d5d6812e54
2026-09-20 18:25:07,102 - INFO - Loading plugin 'docling_defaults'
2026-09-20 18:25:07,104 - INFO - Loading plugin 'docling_defaults'
2026-09-20 18:25:07,113 - INFO - Registered picture descriptions: ['picture_description_vlm_engine', 'vlm', 'api']
2026-09-20 18:25:07,113 - INFO - Registered picture descriptions: ['picture_description_vlm_engine', 'vlm', 'api']
2026-09-20 18:25:07,140 - INFO - Loading plugin 'docling_defaults'
2026-09-20 18:25:07,140 - INFO - Loading plugin 'docling_defaults'
2026-09-20 18:25:07,190 - INFO - Registered ocr engines: ['auto', 'easyocr', 'kserve_v2_ocr', 'nemotron-ocr', 'ocrmac', 'rapidocr', 'tesserocr', 'tesseract']
2026-09-20 18:25:07,190 - INFO - Registered ocr engines: ['auto', 'easyocr', 'kserve_v2_ocr', 'nemotron-ocr', 'ocrmac', 'rapidocr', 'tesserocr', 'tesseract']
2026-09-20 18:25:07,191 - INFO - rapidocr cannot be used because onnxruntime is not installed.
2026-09-20 18:25:07,191 - INFO - rapidocr cannot be used because onnxruntime is not installed.
2026-09-20 18:25:07,192 - INFO - easyocr cannot be used because it is not installed.
2026-09-20 18:25:07,192 - INFO - easyocr cannot be used because it is not installed.
2026-09-20 18:25:08,436 - INFO - Accelerator device: 'cpu'
2026-09-20 18:25:08,436 - INFO - Accelerator device: 'cpu'
2026-09-20 18:25:10,265 - INFO - Auto OCR model selected rapidocr with torch.
2026-09-20 18:25:10,274 - INFO - Auto OCR model selected rapidocr with torch.
2026-09-20 18:25:10,297 - INFO - Loading plugin 'docling_defaults'
2026-09-20 18:25:10,308 - INFO - Loading plugin 'docling_defaults'
2026-09-20 18:25:10,315 - INFO - Registered layout engines: ['layout_object_detection', 'docling_layout_default', 'docling_experimental_table_crops_layout']
2026-09-20 18:25:10,322 - INFO - Registered layout engines: ['layout_object_detection', 'docling_layout_default', 'docling_experimental_table_crops_layout']
2026-09-20 18:25:16,184 - INFO - Initializing Transformers object-detection engine
2026-09-20 18:25:16,184 - INFO - Downloading object-detection model from HuggingFace: docling-project/docling-layout-heron@main
2026-09-20 18:25:16,184 - INFO - Fetching model docling-project/docling-layout-heron (revision: main)...
2026-09-20 18:25:16,185 - INFO - Initializing Transformers object-detection engine
2026-09-20 18:25:16,185 - INFO - Downloading object-detection model from HuggingFace: docling-project/docling-layout-heron@main
2026-09-20 18:25:16,185 - INFO - Fetching model docling-project/docling-layout-heron (revision: main)...
2026-09-20 18:25:17,319 - INFO - HTTP Request: GET https://huggingface.co/api/agent-harnesses "HTTP/1.1 200 OK"
2026-09-20 18:25:17,321 - INFO - HTTP Request: GET https://huggingface.co/api/agent-harnesses "HTTP/1.1 200 OK"
2026-09-20 18:25:17,548 - INFO - HTTP Request: GET https://huggingface.co/api/models/docling-project/docling-layout-heron/revision/main "HTTP/1.1 200 OK"
2026-09-20 18:25:17,552 - INFO - HTTP Request: GET https://huggingface.co/api/models/docling-project/docling-layout-heron/revision/main "HTTP/1.1 200 OK"
2026-09-20 18:25:17,696 - INFO - Downloaded model docling-project/docling-layout-heron to C:\Users\HP\.cache\huggingface\hub\models--docling-project--docling-layout-heron\snapshots\8f39ad3c0b4c58e9c2d2c84a38465abf757272d8 in 1.51 sec.
2026-09-20 18:25:17,697 - INFO - Accelerator device: 'cpu'
2026-09-20 18:25:17,701 - INFO - Downloaded model docling-project/docling-layout-heron to C:\Users\HP\.cache\huggingface\hub\models--docling-project--docling-layout-heron\snapshots\8f39ad3c0b4c58e9c2d2c84a38465abf757272d8 in 1.52 sec.
2026-09-20 18:25:17,702 - INFO - Accelerator device: 'cpu'
2026-09-20 18:25:25,946 - INFO - Transformers engine ready (device=cpu, dtype=torch.float32)
2026-09-20 18:25:25,963 - INFO - Transformers engine ready (device=cpu, dtype=torch.float32)
2026-09-20 18:25:26,057 - INFO - Loading plugin 'docling_defaults'
2026-09-20 18:25:26,095 - INFO - Loading plugin 'docling_defaults'
2026-09-20 18:25:26,117 - INFO - Registered table structure engines: ['docling_tableformer', 'docling_tableformer_v2', 'granite_vision_table']
2026-09-20 18:25:26,118 - INFO - Fetching model docling-project/docling-models (revision: v2.3.0)...
2026-09-20 18:25:26,176 - INFO - Registered table structure engines: ['docling_tableformer', 'docling_tableformer_v2', 'granite_vision_table']
2026-09-20 18:25:26,186 - INFO - Fetching model docling-project/docling-models (revision: v2.3.0)...
2026-09-20 18:25:26,488 - INFO - HTTP Request: GET https://huggingface.co/api/models/docling-project/docling-models/revision/v2.3.0 "HTTP/1.1 200 OK"
2026-09-20 18:25:26,489 - INFO - HTTP Request: GET https://huggingface.co/api/models/docling-project/docling-models/revision/v2.3.0 "HTTP/1.1 200 OK"
2026-09-20 18:25:26,539 - INFO - Model docling-project/docling-models already cached at C:\Users\HP\.cache\huggingface\hub\models--docling-project--docling-models\snapshots\fc0f2d45e2218ea24bce5045f58a389aed16dc23
2026-09-20 18:25:26,541 - INFO - Model docling-project/docling-models already cached at C:\Users\HP\.cache\huggingface\hub\models--docling-project--docling-models\snapshots\fc0f2d45e2218ea24bce5045f58a389aed16dc23
2026-09-20 18:25:26,650 - INFO - Accelerator device: 'cpu'
2026-09-20 18:25:26,652 - INFO - Accelerator device: 'cpu'
2026-09-20 18:25:31,071 - INFO - Processing document pdf1.pdf
2026-09-20 18:25:31,094 - INFO - Processing document pdf2.pdf
2026-09-20 18:28:42,021 - INFO - Finished converting document pdf1.pdf in 224.73 sec.
2026-09-20 18:28:46,397 - INFO - Finished converting document pdf2.pdf in 229.11 sec.
2026-09-20 18:33:03,862 - ERROR - Exception in callback _ProactorBasePipeTransport._call_connection_lost()
handle: <Handle _ProactorBasePipeTransport._call_connection_lost()>
Traceback (most recent call last):
  File "C:\Users\HP\AppData\Local\Programs\Python\Python313\Lib\asyncio\events.py", line 89, in _run
    self._context.run(self._callback, *self._args)
    ~~~~~~~~~~~~~~~~~^^^^^^^^^^^^^^^^^^^^^^^^^^^^^
  File "C:\Users\HP\AppData\Local\Programs\Python\Python313\Lib\asyncio\proactor_events.py", line 165, in _call_connection_lost
    self._sock.shutdown(socket.SHUT_RDWR)
    ~~~~~~~~~~~~~~~~~~~^^^^^^^^^^^^^^^^^^
ConnectionResetError: [WinError 10054] An existing connection was forcibly closed by the remote host
